// Jest Snapshot v1, https://goo.gl/fbAQLP

exports[`creates an SDL 1`] = `
"# Partner
type DoNotUseThisPartner {
  # Partners display name
  display_name: String

  # Partners given name
  given_name: String

  # Uniq ID for this partner
  id: ID!
  relative_size: Int

  # Uniq, friendly identifier for this artist
  slug: String!
  subscription_state: String
}

type Mutation {
  recordArtworkView(input: RecordArtworkViewInput): RecordArtworkViewPayload
}

# Query root for this schema
type Query {
  # Autocomplete resolvers.
  _unused_gravity_match_partners(term: String, page: Int = 1, size: Int = 5, match_type: String): [DoNotUseThisPartner]

  # Find partners by ID
  _unused_gravity_partners(ids: [ID]!): [DoNotUseThisPartner]
}

# Autogenerated input type of RecordArtworkView
input RecordArtworkViewInput {
  # A unique identifier for the client performing the mutation.
  clientMutationId: String
  artwork_id: String!
}

# Autogenerated return type of RecordArtworkView
type RecordArtworkViewPayload {
  artwork_id: String!

  # A unique identifier for the client performing the mutation.
  clientMutationId: String
}
"
`;
